Send a message to confirm check-in details or welcome Renee.
Renee
Identity verified · 3 reviews
Bechtelsville, PA
Hi Tina! My youngest son was born in California but doesn’t remember our time there. We are traveling to Cali for his 16th birthday! Excited to show him his birthplace!
Entire home/apt
Check-in
3:00 PM
Checkout
10:00 AM
5 adults
Guests will now let you know if they’re bringing children and infants. Let them know upfront if your listing is suitable for children by updating your House Rules.
HMBNNH4DBW
$259.00 x 6 nights
$1,554.00
Cleaning fee
$240.00
Guest service fee
$253.27
Occupancy taxes
$206.31
6 nights room fee
$1,554.00
Cleaning fee
$240.00
Host service fee (3.0%)
-$53.82
The money you earn hosting will be sent to you 24 hours after your guest arrives.  You can check your upcoming payments in your Transaction History .
Your guest paid $206.31 in Occupancy Taxes. Airbnb remits these taxes on your behalf.
Your cancellation policy for guests is Moderate . The penalties for canceling this reservation include getting a public review that shows you canceled, paying a cancellation fee, and having the canceled nights blocked on your calendar.
We’ve created a set of mandatory COVID-19 safety practices for both Airbnb hosts and guests. These include practicing social distancing and wearing a mask.
All hosts are required to follow the enhanced cleaning process between guest stays. They were developed in partnership with experts in an effort to curb the spread of COVID-19.
Check that your guest knows how to get to your place.
Top-to-bottom protection, included every time you host.
Contact our support team 24/7 from anywhere in the world.
Airbnb, Inc.
888 Brannan St.
San Francisco, CA 94103, USA
Payment Terms between you and:
Airbnb Payments, Inc.
888 Brannan St.
San Francisco, CA 94103
Get the Airbnb appSend a message to confirm check-in details or welcome Renee.
Renee
Identity verified · 3 reviews
Bechtelsville, PA
Hi Tina! My youngest son was born in California but doesn’t remember our time there. We are traveling to Cali for his 16th birthday! Excited to show him his birthplace!
Entire home/apt
Check-in
3:00 PM
Checkout
10:00 AM
5 adults
Guests will now let you know if they’re bringing children and infants. Let them know upfront if your listing is suitable for children by updating your House Rules.
HMBNNH4DBW
$259.00 x 6 nights
$1,554.00
Cleaning fee
$240.00
Guest service fee
$253.27
Occupancy taxes
$206.31
6 nights room fee
$1,554.00
Cleaning fee
$240.00
Host service fee (3.0%)
-$53.82
The money you earn hosting will be sent to you 24 hours after your guest arrives.  You can check your upcoming payments in your Transaction History .
Your guest paid $206.31 in Occupancy Taxes. Airbnb remits these taxes on your behalf.
Your cancellation policy for guests is Moderate . The penalties for canceling this reservation include getting a public review that shows you canceled, paying a cancellation fee, and having the canceled nights blocked on your calendar.
We’ve created a set of mandatory COVID-19 safety practices for both Airbnb hosts and guests. These include practicing social distancing and wearing a mask.
All hosts are required to follow the enhanced cleaning process between guest stays. They were developed in partnership with experts in an effort to curb the spread of COVID-19.
Check that your guest knows how to get to your place.
Top-to-bottom protection, included every time you host.
Contact our support team 24/7 from anywhere in the world.
Airbnb, Inc.
888 Brannan St.
San Francisco, CA 94103, USA
Payment Terms between you and:
Airbnb Payments, Inc.
888 Brannan St.
San Francisco, CA 94103
Get the Airbnb app